[debug] [2026-02-07T05:19:35.024Z] ----------------------------------------------------------------------
[debug] [2026-02-07T05:19:35.030Z] Command:       /usr/local/bin/node /usr/local/bin/firebase deploy
[debug] [2026-02-07T05:19:35.031Z] CLI Version:   14.19.1
[debug] [2026-02-07T05:19:35.031Z] Platform:      darwin
[debug] [2026-02-07T05:19:35.031Z] Node Version:  v22.20.0
[debug] [2026-02-07T05:19:35.031Z] Time:          Fri Feb 06 2026 21:19:35 GMT-0800 (Pacific Standard Time)
[debug] [2026-02-07T05:19:35.031Z] ----------------------------------------------------------------------
[debug] 
[debug] [2026-02-07T05:19:35.032Z] >>> [apiv2][query] GET https://firebase-public.firebaseio.com/cli.json [none]
[debug] [2026-02-07T05:19:35.139Z] Object "/emulators/hosting" in "firebase.json" has unknown property: {"additionalProperty":"serveBundledAssets"}
[debug] [2026-02-07T05:19:35.142Z] > command requires scopes: ["email","openid","https://www.googleapis.com/auth/cloudplatformprojects.readonly","https://www.googleapis.com/auth/firebase","https://www.googleapis.com/auth/cloud-platform"]
[debug] [2026-02-07T05:19:35.142Z] > authorizing via signed-in user (info@theapexinvestor.com)
[debug] [2026-02-07T05:19:35.142Z] [iam] checking project the-apex-app for permissions ["cloudfunctions.functions.create","cloudfunctions.functions.delete","cloudfunctions.functions.get","cloudfunctions.functions.list","cloudfunctions.functions.update","cloudfunctions.operations.get","firebase.projects.get","firebasehosting.sites.update","firebaserules.releases.create","firebaserules.releases.update","firebaserules.rulesets.create"]
[debug] [2026-02-07T05:19:35.143Z] Checked if tokens are valid: false, expires at: 1769259920306
[debug] [2026-02-07T05:19:35.143Z] Checked if tokens are valid: false, expires at: 1769259920306
[debug] [2026-02-07T05:19:35.143Z] > refreshing access token with scopes: []
[debug] [2026-02-07T05:19:35.143Z] >>> [apiv2][query] POST https://www.googleapis.com/oauth2/v3/token [none]
[debug] [2026-02-07T05:19:35.143Z] >>> [apiv2][body] POST https://www.googleapis.com/oauth2/v3/token [omitted]
[debug] [2026-02-07T05:19:36.011Z] <<< [apiv2][status] GET https://firebase-public.firebaseio.com/cli.json 200
[debug] [2026-02-07T05:19:36.012Z] <<< [apiv2][body] GET https://firebase-public.firebaseio.com/cli.json {"cloudBuildErrorAfter":1594252800000,"cloudBuildWarnAfter":1590019200000,"defaultNode10After":1594252800000,"minVersion":"3.0.5","node8DeploysDisabledAfter":1613390400000,"node8RuntimeDisabledAfter":1615809600000,"node8WarnAfter":1600128000000}
[debug] [2026-02-07T05:19:36.270Z] <<< [apiv2][status] POST https://www.googleapis.com/oauth2/v3/token 400
[debug] [2026-02-07T05:19:36.270Z] <<< [apiv2][body] POST https://www.googleapis.com/oauth2/v3/token [omitted]
[error] Authentication Error: Your credentials are no longer valid. Please run firebase login --reauth

For CI servers and headless environments, generate a new token with firebase login:ci
[error] Authentication Error: Your credentials are no longer valid. Please run firebase login --reauth

For CI servers and headless environments, generate a new token with firebase login:ci
[debug] [2026-02-07T05:19:36.270Z] [iam] error while checking permissions, command may fail: Authentication Error: Your credentials are no longer valid. Please run firebase login --reauth

For CI servers and headless environments, generate a new token with firebase login:ci
[debug] [2026-02-07T05:19:36.270Z] Checked if tokens are valid: false, expires at: 1769259920306
[debug] [2026-02-07T05:19:36.270Z] Checked if tokens are valid: false, expires at: 1769259920306
[debug] [2026-02-07T05:19:36.270Z] > refreshing access token with scopes: []
[debug] [2026-02-07T05:19:36.271Z] >>> [apiv2][query] POST https://www.googleapis.com/oauth2/v3/token [none]
[debug] [2026-02-07T05:19:36.271Z] >>> [apiv2][body] POST https://www.googleapis.com/oauth2/v3/token [omitted]
[debug] [2026-02-07T05:19:36.657Z] <<< [apiv2][status] POST https://www.googleapis.com/oauth2/v3/token 400
[debug] [2026-02-07T05:19:36.657Z] <<< [apiv2][body] POST https://www.googleapis.com/oauth2/v3/token [omitted]
[error] Authentication Error: Your credentials are no longer valid. Please run firebase login --reauth

For CI servers and headless environments, generate a new token with firebase login:ci
[error] Authentication Error: Your credentials are no longer valid. Please run firebase login --reauth

For CI servers and headless environments, generate a new token with firebase login:ci
[debug] [2026-02-07T05:19:36.658Z] [functions] service account IAM check errored, deploy may fail: Authentication Error: Your credentials are no longer valid. Please run firebase login --reauth

For CI servers and headless environments, generate a new token with firebase login:ci {"name":"FirebaseError","children":[],"exit":1,"message":"Authentication Error: Your credentials are no longer valid. Please run \u001b[1mfirebase login --reauth\u001b[22m\n\nFor CI servers and headless environments, generate a new token with \u001b[1mfirebase login:ci\u001b[22m","status":500}
[debug] [2026-02-07T05:19:36.659Z] Checked if tokens are valid: false, expires at: 1769259920306
[debug] [2026-02-07T05:19:36.659Z] Checked if tokens are valid: false, expires at: 1769259920306
[debug] [2026-02-07T05:19:36.659Z] > refreshing access token with scopes: []
[debug] [2026-02-07T05:19:36.659Z] >>> [apiv2][query] POST https://www.googleapis.com/oauth2/v3/token [none]
[debug] [2026-02-07T05:19:36.659Z] >>> [apiv2][body] POST https://www.googleapis.com/oauth2/v3/token [omitted]
[debug] [2026-02-07T05:19:37.053Z] <<< [apiv2][status] POST https://www.googleapis.com/oauth2/v3/token 400
[debug] [2026-02-07T05:19:37.054Z] <<< [apiv2][body] POST https://www.googleapis.com/oauth2/v3/token [omitted]
[error] Authentication Error: Your credentials are no longer valid. Please run firebase login --reauth

For CI servers and headless environments, generate a new token with firebase login:ci
[error] Authentication Error: Your credentials are no longer valid. Please run firebase login --reauth

For CI servers and headless environments, generate a new token with firebase login:ci
[debug] [2026-02-07T05:19:37.054Z] Authentication Error: Your credentials are no longer valid. Please run firebase login --reauth

For CI servers and headless environments, generate a new token with firebase login:ci
[error] 
[error] Error: Assertion failed: resolving hosting target of a site with no site name or target name. This should have caused an error earlier
[debug] [2026-02-07T05:19:53.876Z] ----------------------------------------------------------------------
[debug] [2026-02-07T05:19:53.882Z] Command:       /usr/local/bin/node /usr/local/bin/firebase login --reauth
[debug] [2026-02-07T05:19:53.882Z] CLI Version:   14.19.1
[debug] [2026-02-07T05:19:53.882Z] Platform:      darwin
[debug] [2026-02-07T05:19:53.882Z] Node Version:  v22.20.0
[debug] [2026-02-07T05:19:53.882Z] Time:          Fri Feb 06 2026 21:19:53 GMT-0800 (Pacific Standard Time)
[debug] [2026-02-07T05:19:53.882Z] ----------------------------------------------------------------------
[debug] 
[debug] [2026-02-07T05:19:53.967Z] Object "/emulators/hosting" in "firebase.json" has unknown property: {"additionalProperty":"serveBundledAssets"}
[info] 
[info] Visit this URL on this device to log in:
[info] https://accounts.google.com/o/oauth2/auth?client_id=563584335869-fgrhgmd47bqnekij5i8b5pr03ho849e6.apps.googleusercontent.com&scope=email%20openid%20https%3A%2F%2Fwww.googleapis.com%2Fauth%2Fcloudplatformprojects.readonly%20https%3A%2F%2Fwww.googleapis.com%2Fauth%2Ffirebase%20https%3A%2F%2Fwww.googleapis.com%2Fauth%2Fcloud-platform&response_type=code&state=244121790&redirect_uri=http%3A%2F%2Flocalhost%3A9005&login_hint=info%40theapexinvestor.com
[info] 
[info] Waiting for authentication...
